<?php return array (
  0 => 'Symfony\\Bundle\\FrameworkBundle\\Controller\\Controller',
  1 => 'AppBundle\\Controller\\Admin\\BlogController',
  2 => 'AppBundle\\Controller\\BlogController',
  3 => 'AppBundle\\Controller\\SecurityController',
  4 => 'AppBundle\\Entity\\Comment',
  5 => 'AppBundle\\Entity\\Post',
  6 => 'AppBundle\\Entity\\Tag',
  7 => 'AppBundle\\Entity\\User',
  8 => 'Doctrine\\Bundle\\DoctrineBundle\\Controller\\ProfilerController',
  9 => 'Symfony\\Bundle\\FrameworkBundle\\Controller\\AbstractController',
  11 => 'Symfony\\Bundle\\FrameworkBundle\\Controller\\ControllerNameParser',
  12 => 'Symfony\\Bundle\\FrameworkBundle\\Controller\\ControllerResolver',
  13 => 'Symfony\\Bundle\\FrameworkBundle\\Controller\\ControllerTrait',
  14 => 'Symfony\\Bundle\\FrameworkBundle\\Controller\\RedirectController',
  15 => 'Symfony\\Bundle\\FrameworkBundle\\Controller\\TemplateController',
  16 => 'Symfony\\Bundle\\TwigBundle\\Controller\\ExceptionController',
  17 => 'Symfony\\Bundle\\TwigBundle\\Controller\\PreviewErrorController',
  18 => 'Symfony\\Bundle\\WebProfilerBundle\\Controller\\ExceptionController',
  19 => 'Symfony\\Bundle\\WebProfilerBundle\\Controller\\ProfilerController',
  20 => 'Symfony\\Bundle\\WebProfilerBundle\\Controller\\RouterController',
);